
> school-timetable@2.0.0 test:e2e B:\Dev\school-timetable-senior-project
> node scripts/run-e2e-tests.mjs "e2e/tests/admin/schedule-assignment.spec.ts:71" "--project=chromium"

[36m
๐€ E2E Test Runner with Automatic Database Management
[0m
[90mโน๏ธ  Test database is already running[0m
[90m   Reusing existing instance
[0m
[36m
๐ญ Starting Playwright tests...
[0m
